exports[`PostList should exist 1`] = `
<section
  className="content">
  <main
    className="home"
    id="scroll"
    itemProp="mainContentOfPage"
    itemScope="itemscope"
    itemType="http://schema.org/Blog"
    role="main" />
</section>
`;

exports[`PostList should render props correctly 1`] = `
<section
  className="content">
  <main
    className="home"
    id="scroll"
    itemProp="mainContentOfPage"
    itemScope="itemscope"
    itemType="http://schema.org/Blog"
    role="main">
    <article
      className="post-item"
      itemProp="blogPost"
      itemScope="itemscope"
      itemType="http://schema.org/BlogPosting"
      role="article">
      <a
        className="datetime"
        onClick={[Function bound handleClick]}
        style={Object {}}>
        <meta
          content="1475459431"
          itemProp="datePublished" />
        <time
          dateTime="1475459431">
          <span
            className="day">
             
            02
             
          </span>
          <span
            className="month-year">
             
            October
             
            2016
             
          </span>
        </time>
      </a>
      <div
        className="content">
        <a
          onClick={[Function bound handleClick]}
          style={Object {}}>
          <h2
            className="post-title"
            itemProp="name">
            tester
          </h2>
        </a>
        <p
          className="description">
          very test much wow 
          <a
            className="link"
            onClick={[Function bound handleClick]}
            style={Object {}}>
            View on GitHub...
          </a>
        </p>
        <div
          className="tags" />
      </div>
    </article>
    <article
      className="post-item"
      itemProp="blogPost"
      itemScope="itemscope"
      itemType="http://schema.org/BlogPosting"
      role="article">
      <a
        className="datetime"
        onClick={[Function bound handleClick]}
        style={Object {}}>
        <meta
          content="1475459431"
          itemProp="datePublished" />
        <time
          dateTime="1475459431">
          <span
            className="day">
             
            02
             
          </span>
          <span
            className="month-year">
             
            October
             
            2016
             
          </span>
        </time>
      </a>
      <div
        className="content">
        <a
          onClick={[Function bound handleClick]}
          style={Object {}}>
          <h2
            className="post-title"
            itemProp="name">
            tester2
          </h2>
        </a>
        <p
          className="description">
          very test much wow 2 
          <a
            className="link"
            onClick={[Function bound handleClick]}
            style={Object {}}>
            View on GitHub2...
          </a>
        </p>
        <div
          className="tags" />
      </div>
    </article>
  </main>
</section>
`;
